Godot Engine v4.7.2.stable.official.ed1daf0bf - https://godotengine.org

MW-018 R1 PASS isolated SQLite
MW-018 R1 PASS same-name existing actors, no scene-presence metadata
MW-018 R1 PASS expected request active
MW-018 R1 PASS begin player turn
MW-018 R1 PASS durable accepted Narrative
MW-018 R1 PASS expected request active
MW-018 R1 PASS legacy receipt schema remains byte-compatible
MW-018 R1 PASS legacy ID unchanged
MW-018 R1 PASS expected request active
MW-018 R1 PASS begin player turn
MW-018 R1 PASS durable accepted Narrative
MW-018 R1 PASS all existing NPC refs available without presence gate; curator waits
MW-018 R1 PASS expected request active
MW-018 R1 PASS new pair receipt accepted
MW-018 R1 PASS same-name actors bound by exact separate refs
MW-018 R1 PASS both Player and off-screen GM reach same curator
MW-018 R1 PASS strict player-safe evidence shape
MW-018 R1 PASS verbatim Unicode source slice including supplementary character offset
MW-018 R1 PASS strict player-safe evidence shape
MW-018 R1 PASS verbatim Unicode source slice including supplementary character offset
MW-018 R1 PASS source role preserved
MW-018 R1 PASS curator excludes npc-a
MW-018 R1 PASS curator excludes npc-b
MW-018 R1 PASS curator excludes npc-c
MW-018 R1 PASS curator excludes SECRET_PROFILE
MW-018 R1 PASS curator excludes PRIVATE_PLAN
MW-018 R1 PASS curator excludes HIDDEN_EVOLUTION
MW-018 R1 PASS curator excludes stable_npcs
MW-018 R1 PASS curator excludes source_projection
MW-018 R1 PASS expected request active
MW-018 R1 PASS model can card both off-screen existing people
MW-018 R1 PASS mixed receipt history retains exact legacy dependency
MW-018 R1 PASS one semantic plus one lived curator per turn; no third call
MW-018 R1 PASS begin player turn
MW-018 R1 PASS durable accepted Narrative
MW-018 R1 PASS expected request active
MW-018 R1 PASS Player reference receives only exact actor previous safe snapshot
MW-018 R1 PASS expected request active
MW-018 R1 PASS Player evidence updates same card without duplicating identity
MW-018 R1 PASS begin player turn
MW-018 R1 PASS durable accepted Narrative
MW-018 R1 PASS expected request active
MW-018 R1 PASS unresolved Player-only assertions neither mint actors nor guess bindings
MW-018 R1 PASS expected request active
MW-018 R1 PASS unresolved name leaves known cards intact
MW-018 R1 PASS begin player turn
MW-018 R1 PASS durable accepted Narrative
MW-018 R1 PASS expected request active
MW-018 R1 PASS GM-established off-screen actor materializes; Player candidate_ref rejected
MW-018 R1 PASS same-turn minted exact ID bound before curator
MW-018 R1 PASS expected request active
MW-018 R1 PASS new off-screen card follows model decision
MW-018 R1 PASS begin player turn
MW-018 R1 PASS durable accepted Narrative
MW-018 R1 PASS expected request active
MW-018 R1 PASS expected request active
MW-018 R1 PASS incidental present soldier with no previous card remains uncarded on model no-op
MW-018 R1 PASS Character and Experiences unchanged across role variants
MW-018 R1 PASS begin player turn
MW-018 R1 PASS durable accepted Narrative
MW-018 R1 PASS Restore while Player reference analysis pending
MW-018 R1 PASS stale Player binding callback inert
MW-018 R1 PASS Restore restores exact known-person snapshot
MW-018 R1 PASS Restore before pair evidence removes future cards
MW-018 R1 PASS Restore current mixed history for reopen
MW-018 R1 PASS reopen mixed receipt history
MW-018 R1 PASS reopen projects old/new cards without replay/backfill
MW-018 R1 PASS Player-only correction accepted with same GM
MW-018 R1 PASS full pair prefix invalidates receipt and future card on correction
MW-018 R1 PASS expected request active
MW-018 R1 PASS expected request active
MW-018 R1 PASS invalid roles/refs/spans/free quote and Player minted-candidate refs rejected
MW-018 R1 PASS Player span 600 Unicode and eight-binding ceilings
MW-018 R1 PASS mixed response representations normalize without duplicate evidence
MW-018 R1 PASS v0.2 persisted receipt roundtrip
MW-018 R1 PASS rehashing cannot authorize corrupt role/actor/span/extra material
MW-018 R1 PASS rehashing cannot authorize corrupt role/actor/span/extra material
MW-018 R1 PASS rehashing cannot authorize corrupt role/actor/span/extra material
MW-018 R1 PASS rehashing cannot authorize corrupt role/actor/span/extra material
MW-018 R1 PASS persisted Player bytes covered by receipt prefix
MW-018 R1 PASS cross-game receipt rejected
MW-018 R1 FOCUSED checks=81 failures=0
