Godot Engine v4.7.2.stable.official.ed1daf0bf - https://godotengine.org

MW-022 PASS exact thirteen allowed fields
MW-022 PASS JSON round-trip integer semantics
MW-022 PASS projection excludes private/internal canaries
MW-022 PASS detached mutable array
MW-022 PASS GM context exact old fields/values
MW-022 PASS OOC absent
MW-022 PASS replaced accepted action absent
MW-022 PASS unaccepted absent
MW-022 PASS conflicting CHECK/NO_CHECK fails soft
MW-022 PASS quiet durable truth is context only
MW-022 PASS isolated real SQLite
MW-022 PASS fixture setup
MW-022 PASS begin player turn
MW-022 PASS durable accepted Narrative
[shell] application=game_active session=ready
MW-022 PASS production empty state
MW-022 PASS Debug defaults OFF
MW-022 PASS expected request active
TERMINAL { "success": false, "status": "invalid_game_setup", "message": "续玩 source projection/semantic_sections 无效。", "timing": { "control_request_started": 274, "request_started": 295, "control_first_provider_content_delta": 1449, "control_provider_completed": 1455, "control_completed": 1523, "durable_check_completed": 4884 } }
OLD_PROJECTOR { "success": false, "status": "invalid_game_setup", "message": "续玩 source projection/semantic_sections 无效。" }
PROBE [{"change":"unknown","change_label":"变化未知","code":"stale","counts":{"attempt":1,"total":0},"elapsed_ms":62,"lane":"recommendations","lane_label":"推荐行动","reason":"当前回合已被替换，旧结果已丢弃","terminal":"stale","terminal_label":"已过期","turn":0},{"change":"unknown","change_label":"变化未知","code":"unknown_failure","counts":{},"elapsed_ms":-1,"lane":"mechanics","lane_label":"公开判定","reason":"处理未完成，请稍后重试","terminal":"failed","terminal_label":"失败","turn":-1}] REQUESTS=2
