Godot Engine v4.7.2.stable.official.ed1daf0bf - https://godotengine.org

MW-022 PASS isolated validated 256k settings
MW-022 PASS isolated Game
MW-022 PASS exact frozen setup
MW-022 PASS real first Opening path
MW-022 PASS first Opening exact frozen full payload unchanged
MW-022 PASS current curation fixture
MW-022 PASS begin player turn
MW-022 PASS durable accepted Narrative
MW-022 PASS begin player turn
MW-022 PASS durable accepted Narrative
MW-022 PASS begin player turn
MW-022 PASS durable accepted Narrative
MW-022 PASS begin player turn
MW-022 PASS durable accepted Narrative
MW-022 PASS begin player turn
MW-022 PASS durable accepted Narrative
MW-022 PASS begin player turn
MW-022 PASS durable accepted Narrative
MW-022 PASS begin player turn
MW-022 PASS durable accepted Narrative
MW-022 PASS begin player turn
MW-022 PASS durable accepted Narrative
MW-022 PASS begin player turn
MW-022 PASS durable accepted Narrative
MW-022 PASS begin player turn
MW-022 PASS durable accepted Narrative
MW-022 PASS begin player turn
MW-022 PASS durable accepted Narrative
MW-022 PASS begin player turn
MW-022 PASS durable accepted Narrative
MW-022 PASS begin player turn
MW-022 PASS durable accepted Narrative
MW-022 PASS begin player turn
MW-022 PASS durable accepted Narrative
MW-022 PASS begin player turn
MW-022 PASS durable accepted Narrative
MW-022 PASS begin player turn
MW-022 PASS durable accepted Narrative
MW-022 PASS begin player turn
MW-022 PASS durable accepted Narrative
MW-022 PASS begin player turn
MW-022 PASS durable accepted Narrative
MW-022 PASS begin player turn
MW-022 PASS durable accepted Narrative
MW-022 PASS begin player turn
MW-022 PASS durable accepted Narrative
MW-022 PASS current and stale World fixtures
MW-022 PASS production session assembly
MW-022 PASS 256k exact ceiling and floor 80 percent
MW-022 PASS final serialized actual messages within budget
MW-022 PASS current owner contribution survives transcript roll-off: CURRENT_PERSON
MW-022 PASS current owner contribution survives transcript roll-off: CURRENT_THREAD
MW-022 PASS current owner contribution survives transcript roll-off: CURRENT_CHARACTER
MW-022 PASS current owner contribution survives transcript roll-off: CURRENT_WORLD_CONSEQUENCE
MW-022 PASS current owner contribution survives transcript roll-off: CURRENT_EXPERIENCE
MW-022 PASS stale World and raw unprojected canary excluded
MW-022 PASS referent knowledge does not become World actor
MW-022 PASS large P2 background cannot crowd P1
MW-022 PASS old originating turn omitted under pressure
MW-022 PASS selected whole turns chronological
MW-022 PASS selected whole turns chronological
MW-022 PASS selected whole turns chronological
MW-022 PASS selected whole turns chronological
MW-022 PASS selected whole turns chronological
MW-022 PASS selected whole turns chronological
MW-022 PASS selected whole turns chronological
MW-022 PASS selected whole turns chronological
MW-022 PASS selected whole turns chronological
MW-022 PASS GM accepted text exact whole unit
MW-022 PASS GM accepted text exact whole unit
MW-022 PASS GM accepted text exact whole unit
MW-022 PASS GM accepted text exact whole unit
MW-022 PASS GM accepted text exact whole unit
MW-022 PASS GM accepted text exact whole unit
MW-022 PASS GM accepted text exact whole unit
MW-022 PASS GM accepted text exact whole unit
MW-022 PASS GM accepted text exact whole unit
MW-022 PASS GM accepted text exact whole unit
MW-022 PASS current attempt exactly once last
MW-022 PASS hide people
MW-022 PASS hide threads
MW-022 PASS hide important_experiences
MW-022 PASS hide all three changes zero Context bytes
MW-022 PASS isolated validated 1m settings
MW-022 PASS 1m exact ceiling and floor 80 percent
MW-022 PASS 1m admits whole larger background
MW-022 PASS begin player turn
MW-022 PASS durable accepted Narrative
MW-022 PASS current curation fixture
MW-022 PASS future semantic branch
MW-022 PASS future canary truly entered current request before Restore
MW-022 PASS Restore current working set
MW-022 PASS Restore discards future transcript curation and World
MW-022 PASS reopen durable Game
MW-022 PASS reopen derives same messages without Context storage
MW-022 PASS drop cancelled draft before accepted Regenerate
MW-022 PASS Regenerate replacement accepted
MW-022 PASS Regenerate invalidates prior GM-bound World
MW-022 PASS reset isolated test capacity
MW-022 PASS P0 overflow fails loud with no request payload
MW-022 PASS production Narrative UI P0 failure starts Provider zero times
MW-022 PASS exact serialized budget retains entire card including envelope
MW-022 PASS one byte over omits whole card
MW-022 PASS required World instructions cannot be silently omitted
MW-022 PASS invalid frozen NPC projection fails safely
MW-022 PASS mixed OOC guidance structurally marked with durable original untouched
MW-022 PASS diagnostics contain only structural counts and bytes
MW033 checks=107 failures=0 real_provider_calls=0
