Godot Engine v4.7.2.stable.official.ed1daf0bf - https://godotengine.org
Vulkan 1.4.351 - Forward+ - Using Device #0: NVIDIA - NVIDIA GeForce RTX 4070 Laptop GPU

MW-022 PASS window isolated SQLite
MW-022 PASS private fixture
MW-022 PASS accepted opening before activation
[shell] application=game_active session=ready
MW-022 PASS activation default OFF
MW-022 PASS expected request active
MW-022 PASS expected request active
MW-022 PASS begin player turn
MW-022 PASS durable accepted Narrative
MW-022 PASS expected request active
MW-022 PASS expected request active
MW-022 PASS expected request active
MW-022 PASS OFF collects real terminal without panel
MW-022 PASS compact visible bounded panel (1280, 720)
DEBUG LAYOUT (1280, 720) panel=[P: (596.0, 83.0), S: (660.0, 156.0)] narrative=[P: (48.0, 105.0), S: (804.0, 167.0)] input=[P: (48.0, 478.0), S: (724.0, 132.0)]
MW-022 PASS Debug and main Send/composer fit (1280, 720)
MW-022 PASS Narrative remains useful (1280, 720)
MW-022 PASS debug overflow scrolls (1280, 720)
MW-022 PASS OFF restores exact normal layout (1280, 720)
MW-022 PASS compact visible bounded panel (960, 540)
DEBUG LAYOUT (960, 540) panel=[P: (283.2, 83.0), S: (652.8, 156.0)] narrative=[P: (48.0, 105.0), S: (864.0, 91.0)] input=[P: (48.0, 298.0), S: (784.0, 132.0)]
MW-022 PASS Debug and main Send/composer fit (960, 540)
MW-022 PASS Narrative remains useful (960, 540)
MW-022 PASS debug overflow scrolls (960, 540)
MW-022 PASS OFF restores exact normal layout (960, 540)
MW-022 PASS toggle/resize zero Provider calls and durable mutations
MW-022 PASS real mouse toggle has zero gameplay effects
MW-022 PASS Debug ON recommendation click exact draft, no auto-send/call/write
MW-022 PASS Debug ON free-form Send uses original route
MW-022 PASS human-visible failure and no-change differ
MW-022 PASS projection excludes SECRET_PROFILE
MW-022 PASS projection excludes PRIVATE_PLAN
MW-022 PASS projection excludes HIDDEN_EVOLUTION
MW-022 PASS projection excludes HIDDEN_WORLD_CANARY
MW-022 PASS projection excludes PRIVATE_PROFILE_CANARY
MW-022 PASS projection excludes SECRET_KEY
MW-022 PASS projection excludes Authorization
MW-022 PASS projection excludes SOURCE_CURRENT
MW-022 PASS projection excludes npc-a
MW-022 PASS projection excludes actor_ref
MW-022 PASS projection excludes prefix
MW-022 PASS projection excludes epoch
MW-022 PASS projection excludes raw
MW-022 PASS projection excludes 船工
MW-022 PASS projection excludes 沈青
MW-022 PASS projection excludes C:/PRIVATE
MW-022 PASS real UI hidden canaries absent
MW-022 PASS Shell Save diagnostic
MW-022 PASS begin player turn
MW-022 PASS durable accepted Narrative
MW-022 PASS Shell Restore invalidates displaced rows
MW-022 PASS toggle does not clear epoch
[shell] session=absent close_status=ready
MW-022 PASS close clears visible state and memory
MW-022 PASS reopen same isolated Game
[shell] application=game_active session=ready
MW-022 PASS reopen OFF without persisted trace
[shell] session=absent close_status=ready
MW-022 WINDOW checks=52 failures=0
