Godot Engine v4.7.2.stable.official.ed1daf0bf - https://godotengine.org

G4-08B UI PASS | isolated Source fixture
G4-08B UI PASS | real d20 capability
[shell] application=menu_ready session=absent
G4-08B UI PASS | shell boots to Main Menu
[shell] application=game_active session=ready
G4-08B UI PASS | activation action mode and >=20px
G4-08B UI PASS | toggle is read-only
G4-08B UI PASS | OOC exactly one existing Narrative request
G4-08B UI PASS | request explicitly marked OOC
G4-08B UI PASS | OOC durably accepted
G4-08B UI PASS | OOC zero World/identity/Character/People durable change
G4-08B UI PASS | OOC zero semantic/curator/evolution/agency calls
G4-08B UI PASS | OOC one normal recommendation opportunity
G4-08B UI PASS | recommendation sees typed guidance
G4-08B UI PASS | live OOC headers
G4-08B UI PASS | OOC Debug only scheduled lanes
G4-08B UI PASS | recommendation ensures action/exact draft/no-send
G4-08B UI PASS | Save includes OOC
G4-08B UI PASS | OOC regenerate preserves mode and lane
G4-08B UI PASS | Restore displaces OOC regenerated future
G4-08B UI PASS | Restore preserves exact modes and clears diagnostic epoch
G4-08B UI PASS | old recommendation callback cannot cross Restore
G4-08B UI PASS | Restore re-renders OOC label
G4-08B UI PASS | normal continuation carries recent OOC
G4-08B UI PASS | normal action still schedules World
G4-08B UI PASS | normal action still schedules lived Curator
G4-08B UI PASS | seed action for mode replacement
G4-08B UI PASS | same prose OOC replacement durable
G4-08B UI PASS | world stale callback cannot commit across mode replacement
G4-08B UI PASS | old recommendation callback cannot cross mode replacement
G4-08B UI PASS | Debug discards old action lanes on OOC replacement
G4-08B UI PASS | seed action for mode replacement
G4-08B UI PASS | same prose OOC replacement durable
G4-08B UI PASS | curator stale callback cannot commit across mode replacement
G4-08B UI PASS | old recommendation callback cannot cross mode replacement
G4-08B UI PASS | Debug discards old action lanes on OOC replacement
[shell] session=absent close_status=ready
[shell] application=menu_ready session=absent
G4-08B UI PASS | shell boots to Main Menu
[shell] application=game_active session=ready
G4-08B UI PASS | Continue actual same Game
G4-08B UI PASS | reopen mixed mode bytes/default action
G4-08B UI PASS | reopen OOC label
[shell] session=absent close_status=ready
[shell] application=menu_ready session=absent
G4-08B UI PASS | shell boots to Main Menu
[shell] application=game_active session=ready
G4-08B UI PASS | activation action mode and >=20px
G4-08B UI PASS | toggle is read-only
G4-08B UI PASS | OOC exactly one existing Narrative request
G4-08B UI PASS | request explicitly marked OOC
G4-08B UI PASS | OOC zero adjudication/dice
G4-08B UI PASS | OOC durably accepted
G4-08B UI PASS | OOC zero World/identity/Character/People durable change
G4-08B UI PASS | OOC zero semantic/curator/evolution/agency calls
G4-08B UI PASS | OOC one normal recommendation opportunity
G4-08B UI PASS | recommendation sees typed guidance
G4-08B UI PASS | live OOC headers
G4-08B UI PASS | OOC Debug only scheduled lanes
G4-08B UI PASS | recommendation ensures action/exact draft/no-send
G4-08B UI PASS | Save includes OOC
G4-08B UI PASS | OOC regenerate preserves mode and lane
G4-08B UI PASS | Restore displaces OOC regenerated future
G4-08B UI PASS | Restore preserves exact modes and clears diagnostic epoch
G4-08B UI PASS | old recommendation callback cannot cross Restore
G4-08B UI PASS | Restore re-renders OOC label
G4-08B UI PASS | normal action still adjudicates
G4-08B UI PASS | d20 continuation honors recent typed OOC
G4-08B UI PASS | unresolved durable action blocks OOC
G4-08B UI PASS | normal action still schedules World
G4-08B UI PASS | normal action still schedules lived Curator
[shell] session=absent close_status=ready
[shell] application=menu_ready session=absent
G4-08B UI PASS | shell boots to Main Menu
[shell] application=game_active session=ready
G4-08B UI PASS | Continue actual same Game
G4-08B UI PASS | reopen mixed mode bytes/default action
G4-08B UI PASS | reopen OOC label
[shell] session=absent close_status=ready
MW-024 VERTICAL failures=0
